19:32:16 **** Incremental Build of configuration Debug for project vrs_cv5 ****
Info: Internal Builder is used for build
arm-atollic-eabi-gcc -c -mthumb -mcpu=cortex-m3 -std=gnu11 -DSTM32L1XX_HD -DUSE_STDPERIPH_DRIVER -I../src -I..\Libraries\STM32L1xx_StdPeriph_Driver\inc -I..\Libraries\CMSIS\Include -I..\Libraries\CMSIS\Device\ST\STM32L1xx\Include -O0 -ffunction-sections -fdata-sections -g -Wall -o src\main.o ..\src\main.c 
arm-atollic-eabi-gcc Libraries\STM32L1xx_StdPeriph_Driver\src\misc.o Libraries\STM32L1xx_StdPeriph_Driver\src\stm32l1xx_adc.o Libraries\STM32L1xx_StdPeriph_Driver\src\stm32l1xx_aes.o Libraries\STM32L1xx_StdPeriph_Driver\src\stm32l1xx_aes_util.o Libraries\STM32L1xx_StdPeriph_Driver\src\stm32l1xx_comp.o Libraries\STM32L1xx_StdPeriph_Driver\src\stm32l1xx_crc.o Libraries\STM32L1xx_StdPeriph_Driver\src\stm32l1xx_dac.o Libraries\STM32L1xx_StdPeriph_Driver\src\stm32l1xx_dbgmcu.o Libraries\STM32L1xx_StdPeriph_Driver\src\stm32l1xx_dma.o Libraries\STM32L1xx_StdPeriph_Driver\src\stm32l1xx_exti.o Libraries\STM32L1xx_StdPeriph_Driver\src\stm32l1xx_flash.o Libraries\STM32L1xx_StdPeriph_Driver\src\stm32l1xx_flash_ramfunc.o Libraries\STM32L1xx_StdPeriph_Driver\src\stm32l1xx_fsmc.o Libraries\STM32L1xx_StdPeriph_Driver\src\stm32l1xx_gpio.o Libraries\STM32L1xx_StdPeriph_Driver\src\stm32l1xx_i2c.o Libraries\STM32L1xx_StdPeriph_Driver\src\stm32l1xx_iwdg.o Libraries\STM32L1xx_StdPeriph_Driver\src\stm32l1xx_lcd.o Libraries\STM32L1xx_StdPeriph_Driver\src\stm32l1xx_opamp.o Libraries\STM32L1xx_StdPeriph_Driver\src\stm32l1xx_pwr.o Libraries\STM32L1xx_StdPeriph_Driver\src\stm32l1xx_rcc.o Libraries\STM32L1xx_StdPeriph_Driver\src\stm32l1xx_rtc.o Libraries\STM32L1xx_StdPeriph_Driver\src\stm32l1xx_sdio.o Libraries\STM32L1xx_StdPeriph_Driver\src\stm32l1xx_spi.o Libraries\STM32L1xx_StdPeriph_Driver\src\stm32l1xx_syscfg.o Libraries\STM32L1xx_StdPeriph_Driver\src\stm32l1xx_tim.o Libraries\STM32L1xx_StdPeriph_Driver\src\stm32l1xx_usart.o Libraries\STM32L1xx_StdPeriph_Driver\src\stm32l1xx_wwdg.o src\main.o src\startup_stm32l1xx_hd.o src\stm32l1xx_it.o src\system_stm32l1xx.o src\tiny_printf.o src\vrs_cv5.o -o vrs_cv5.elf -mthumb -mcpu=cortex-m3 -T..\stm32_flash.ld -Wl,--start-group -lc -lm -Wl,--end-group -specs=nano.specs -specs=nosys.specs -static -Wl,-cref,-u,Reset_Handler -Wl,-Map=vrs_cv5.map -Wl,--gc-sections -Wl,--defsym=malloc_getpagesize_P=0x80 
C:\Program Files (x86)\Atollic\TrueSTUDIO for ARM 6.0.0\ide\jre\bin\java -jar C:\Program Files (x86)\Atollic\TrueSTUDIO for ARM 6.0.0\Tools\arm-atollic-reports.jar sizeinfo list vrs_cv5.elf 
Generate build reports...
Print size information
   text	   data	    bss	    dec	    hex	filename
   8180	     36	   1064	   9280	   2440	vrs_cv5.elf
Print size information done
Generate listing file
Output sent to: vrs_cv5.elf.list
Generate listing file done
Generate build reports done
19:33:48 **** Rebuild of configuration Debug for project vrs_cv5 ****
Info: Internal Builder is used for build
arm-atollic-eabi-gcc -c -mthumb -mcpu=cortex-m3 -std=gnu11 -DSTM32L1XX_HD -DUSE_STDPERIPH_DRIVER -I../src -I..\Libraries\STM32L1xx_StdPeriph_Driver\inc -I..\Libraries\CMSIS\Include -I..\Libraries\CMSIS\Device\ST\STM32L1xx\Include -O0 -ffunction-sections -fdata-sections -g -Wall -o Libraries\STM32L1xx_StdPeriph_Driver\src\stm32l1xx_pwr.o ..\Libraries\STM32L1xx_StdPeriph_Driver\src\stm32l1xx_pwr.c 
arm-atollic-eabi-gcc -c -mthumb -mcpu=cortex-m3 -std=gnu11 -DSTM32L1XX_HD -DUSE_STDPERIPH_DRIVER -I../src -I..\Libraries\STM32L1xx_StdPeriph_Driver\inc -I..\Libraries\CMSIS\Include -I..\Libraries\CMSIS\Device\ST\STM32L1xx\Include -O0 -ffunction-sections -fdata-sections -g -Wall -o Libraries\STM32L1xx_StdPeriph_Driver\src\stm32l1xx_iwdg.o ..\Libraries\STM32L1xx_StdPeriph_Driver\src\stm32l1xx_iwdg.c 
arm-atollic-eabi-gcc -c -mthumb -mcpu=cortex-m3 -std=gnu11 -DSTM32L1XX_HD -DUSE_STDPERIPH_DRIVER -I../src -I..\Libraries\STM32L1xx_StdPeriph_Driver\inc -I..\Libraries\CMSIS\Include -I..\Libraries\CMSIS\Device\ST\STM32L1xx\Include -O0 -ffunction-sections -fdata-sections -g -Wall -o src\vrs_cv5.o ..\src\vrs_cv5.c 
arm-atollic-eabi-gcc -c -mthumb -mcpu=cortex-m3 -std=gnu11 -DSTM32L1XX_HD -DUSE_STDPERIPH_DRIVER -I../src -I..\Libraries\STM32L1xx_StdPeriph_Driver\inc -I..\Libraries\CMSIS\Include -I..\Libraries\CMSIS\Device\ST\STM32L1xx\Include -O0 -ffunction-sections -fdata-sections -g -Wall -o Libraries\STM32L1xx_StdPeriph_Driver\src\stm32l1xx_tim.o ..\Libraries\STM32L1xx_StdPeriph_Driver\src\stm32l1xx_tim.c 
arm-atollic-eabi-gcc -c -mthumb -mcpu=cortex-m3 -std=gnu11 -DSTM32L1XX_HD -DUSE_STDPERIPH_DRIVER -I../src -I..\Libraries\STM32L1xx_StdPeriph_Driver\inc -I..\Libraries\CMSIS\Include -I..\Libraries\CMSIS\Device\ST\STM32L1xx\Include -O0 -ffunction-sections -fdata-sections -g -Wall -o Libraries\STM32L1xx_StdPeriph_Driver\src\misc.o ..\Libraries\STM32L1xx_StdPeriph_Driver\src\misc.c 
arm-atollic-eabi-gcc -c -mthumb -mcpu=cortex-m3 -std=gnu11 -DSTM32L1XX_HD -DUSE_STDPERIPH_DRIVER -I../src -I..\Libraries\STM32L1xx_StdPeriph_Driver\inc -I..\Libraries\CMSIS\Include -I..\Libraries\CMSIS\Device\ST\STM32L1xx\Include -O0 -ffunction-sections -fdata-sections -g -Wall -o Libraries\STM32L1xx_StdPeriph_Driver\src\stm32l1xx_comp.o ..\Libraries\STM32L1xx_StdPeriph_Driver\src\stm32l1xx_comp.c 
arm-atollic-eabi-gcc -c -mthumb -mcpu=cortex-m3 -std=gnu11 -DSTM32L1XX_HD -DUSE_STDPERIPH_DRIVER -I../src -I..\Libraries\STM32L1xx_StdPeriph_Driver\inc -I..\Libraries\CMSIS\Include -I..\Libraries\CMSIS\Device\ST\STM32L1xx\Include -O0 -ffunction-sections -fdata-sections -g -Wall -o Libraries\STM32L1xx_StdPeriph_Driver\src\stm32l1xx_sdio.o ..\Libraries\STM32L1xx_StdPeriph_Driver\src\stm32l1xx_sdio.c 
arm-atollic-eabi-gcc -c -mthumb -mcpu=cortex-m3 -std=gnu11 -DSTM32L1XX_HD -DUSE_STDPERIPH_DRIVER -I../src -I..\Libraries\STM32L1xx_StdPeriph_Driver\inc -I..\Libraries\CMSIS\Include -I..\Libraries\CMSIS\Device\ST\STM32L1xx\Include -O0 -ffunction-sections -fdata-sections -g -Wall -o Libraries\STM32L1xx_StdPeriph_Driver\src\stm32l1xx_dma.o ..\Libraries\STM32L1xx_StdPeriph_Driver\src\stm32l1xx_dma.c 
arm-atollic-eabi-gcc -c -mthumb -mcpu=cortex-m3 -std=gnu11 -DSTM32L1XX_HD -DUSE_STDPERIPH_DRIVER -I../src -I..\Libraries\STM32L1xx_StdPeriph_Driver\inc -I..\Libraries\CMSIS\Include -I..\Libraries\CMSIS\Device\ST\STM32L1xx\Include -O0 -ffunction-sections -fdata-sections -g -Wall -o Libraries\STM32L1xx_StdPeriph_Driver\src\stm32l1xx_syscfg.o ..\Libraries\STM32L1xx_StdPeriph_Driver\src\stm32l1xx_syscfg.c 
arm-atollic-eabi-gcc -c -mthumb -mcpu=cortex-m3 -std=gnu11 -DSTM32L1XX_HD -DUSE_STDPERIPH_DRIVER -I../src -I..\Libraries\STM32L1xx_StdPeriph_Driver\inc -I..\Libraries\CMSIS\Include -I..\Libraries\CMSIS\Device\ST\STM32L1xx\Include -O0 -ffunction-sections -fdata-sections -g -Wall -o src\system_stm32l1xx.o ..\src\system_stm32l1xx.c 
arm-atollic-eabi-gcc -c -mthumb -mcpu=cortex-m3 -std=gnu11 -DSTM32L1XX_HD -DUSE_STDPERIPH_DRIVER -I../src -I..\Libraries\STM32L1xx_StdPeriph_Driver\inc -I..\Libraries\CMSIS\Include -I..\Libraries\CMSIS\Device\ST\STM32L1xx\Include -O0 -ffunction-sections -fdata-sections -g -Wall -o Libraries\STM32L1xx_StdPeriph_Driver\src\stm32l1xx_dbgmcu.o ..\Libraries\STM32L1xx_StdPeriph_Driver\src\stm32l1xx_dbgmcu.c 
arm-atollic-eabi-gcc -c -mthumb -mcpu=cortex-m3 -std=gnu11 -DSTM32L1XX_HD -DUSE_STDPERIPH_DRIVER -I../src -I..\Libraries\STM32L1xx_StdPeriph_Driver\inc -I..\Libraries\CMSIS\Include -I..\Libraries\CMSIS\Device\ST\STM32L1xx\Include -O0 -ffunction-sections -fdata-sections -g -Wall -o Libraries\STM32L1xx_StdPeriph_Driver\src\stm32l1xx_aes.o ..\Libraries\STM32L1xx_StdPeriph_Driver\src\stm32l1xx_aes.c 
arm-atollic-eabi-gcc -c -mthumb -mcpu=cortex-m3 -std=gnu11 -DSTM32L1XX_HD -DUSE_STDPERIPH_DRIVER -I../src -I..\Libraries\STM32L1xx_StdPeriph_Driver\inc -I..\Libraries\CMSIS\Include -I..\Libraries\CMSIS\Device\ST\STM32L1xx\Include -O0 -ffunction-sections -fdata-sections -g -Wall -o Libraries\STM32L1xx_StdPeriph_Driver\src\stm32l1xx_crc.o ..\Libraries\STM32L1xx_StdPeriph_Driver\src\stm32l1xx_crc.c 
arm-atollic-eabi-gcc -c -mthumb -mcpu=cortex-m3 -std=gnu11 -DSTM32L1XX_HD -DUSE_STDPERIPH_DRIVER -I../src -I..\Libraries\STM32L1xx_StdPeriph_Driver\inc -I..\Libraries\CMSIS\Include -I..\Libraries\CMSIS\Device\ST\STM32L1xx\Include -O0 -ffunction-sections -fdata-sections -g -Wall -o Libraries\STM32L1xx_StdPeriph_Driver\src\stm32l1xx_adc.o ..\Libraries\STM32L1xx_StdPeriph_Driver\src\stm32l1xx_adc.c 
arm-atollic-eabi-gcc -c -mthumb -mcpu=cortex-m3 -std=gnu11 -DSTM32L1XX_HD -DUSE_STDPERIPH_DRIVER -I../src -I..\Libraries\STM32L1xx_StdPeriph_Driver\inc -I..\Libraries\CMSIS\Include -I..\Libraries\CMSIS\Device\ST\STM32L1xx\Include -O0 -ffunction-sections -fdata-sections -g -Wall -o Libraries\STM32L1xx_StdPeriph_Driver\src\stm32l1xx_opamp.o ..\Libraries\STM32L1xx_StdPeriph_Driver\src\stm32l1xx_opamp.c 
arm-atollic-eabi-gcc -c -mthumb -mcpu=cortex-m3 -std=gnu11 -DSTM32L1XX_HD -DUSE_STDPERIPH_DRIVER -I../src -I..\Libraries\STM32L1xx_StdPeriph_Driver\inc -I..\Libraries\CMSIS\Include -I..\Libraries\CMSIS\Device\ST\STM32L1xx\Include -O0 -ffunction-sections -fdata-sections -g -Wall -o Libraries\STM32L1xx_StdPeriph_Driver\src\stm32l1xx_aes_util.o ..\Libraries\STM32L1xx_StdPeriph_Driver\src\stm32l1xx_aes_util.c 
arm-atollic-eabi-gcc -c -mthumb -mcpu=cortex-m3 -std=gnu11 -DSTM32L1XX_HD -DUSE_STDPERIPH_DRIVER -I../src -I..\Libraries\STM32L1xx_StdPeriph_Driver\inc -I..\Libraries\CMSIS\Include -I..\Libraries\CMSIS\Device\ST\STM32L1xx\Include -O0 -ffunction-sections -fdata-sections -g -Wall -o Libraries\STM32L1xx_StdPeriph_Driver\src\stm32l1xx_wwdg.o ..\Libraries\STM32L1xx_StdPeriph_Driver\src\stm32l1xx_wwdg.c 
arm-atollic-eabi-gcc -c -mthumb -mcpu=cortex-m3 -std=gnu11 -DSTM32L1XX_HD -DUSE_STDPERIPH_DRIVER -I../src -I..\Libraries\STM32L1xx_StdPeriph_Driver\inc -I..\Libraries\CMSIS\Include -I..\Libraries\CMSIS\Device\ST\STM32L1xx\Include -O0 -ffunction-sections -fdata-sections -g -Wall -o src\main.o ..\src\main.c 
arm-atollic-eabi-gcc -c -mthumb -mcpu=cortex-m3 -std=gnu11 -DSTM32L1XX_HD -DUSE_STDPERIPH_DRIVER -I../src -I..\Libraries\STM32L1xx_StdPeriph_Driver\inc -I..\Libraries\CMSIS\Include -I..\Libraries\CMSIS\Device\ST\STM32L1xx\Include -O0 -ffunction-sections -fdata-sections -g -Wall -o Libraries\STM32L1xx_StdPeriph_Driver\src\stm32l1xx_dac.o ..\Libraries\STM32L1xx_StdPeriph_Driver\src\stm32l1xx_dac.c 
arm-atollic-eabi-gcc -c -mthumb -mcpu=cortex-m3 -std=gnu11 -DSTM32L1XX_HD -DUSE_STDPERIPH_DRIVER -I../src -I..\Libraries\STM32L1xx_StdPeriph_Driver\inc -I..\Libraries\CMSIS\Include -I..\Libraries\CMSIS\Device\ST\STM32L1xx\Include -O0 -ffunction-sections -fdata-sections -g -Wall -o Libraries\STM32L1xx_StdPeriph_Driver\src\stm32l1xx_i2c.o ..\Libraries\STM32L1xx_StdPeriph_Driver\src\stm32l1xx_i2c.c 
arm-atollic-eabi-gcc -c -mthumb -mcpu=cortex-m3 -std=gnu11 -DSTM32L1XX_HD -DUSE_STDPERIPH_DRIVER -I../src -I..\Libraries\STM32L1xx_StdPeriph_Driver\inc -I..\Libraries\CMSIS\Include -I..\Libraries\CMSIS\Device\ST\STM32L1xx\Include -O0 -ffunction-sections -fdata-sections -g -Wall -o src\tiny_printf.o ..\src\tiny_printf.c 
arm-atollic-eabi-gcc -c -mthumb -mcpu=cortex-m3 -std=gnu11 -DSTM32L1XX_HD -DUSE_STDPERIPH_DRIVER -I../src -I..\Libraries\STM32L1xx_StdPeriph_Driver\inc -I..\Libraries\CMSIS\Include -I..\Libraries\CMSIS\Device\ST\STM32L1xx\Include -O0 -ffunction-sections -fdata-sections -g -Wall -o Libraries\STM32L1xx_StdPeriph_Driver\src\stm32l1xx_rcc.o ..\Libraries\STM32L1xx_StdPeriph_Driver\src\stm32l1xx_rcc.c 
arm-atollic-eabi-gcc -c -mthumb -mcpu=cortex-m3 -std=gnu11 -DSTM32L1XX_HD -DUSE_STDPERIPH_DRIVER -I../src -I..\Libraries\STM32L1xx_StdPeriph_Driver\inc -I..\Libraries\CMSIS\Include -I..\Libraries\CMSIS\Device\ST\STM32L1xx\Include -O0 -ffunction-sections -fdata-sections -g -Wall -o Libraries\STM32L1xx_StdPeriph_Driver\src\stm32l1xx_gpio.o ..\Libraries\STM32L1xx_StdPeriph_Driver\src\stm32l1xx_gpio.c 
arm-atollic-eabi-gcc -c -mthumb -mcpu=cortex-m3 -std=gnu11 -DSTM32L1XX_HD -DUSE_STDPERIPH_DRIVER -I../src -I..\Libraries\STM32L1xx_StdPeriph_Driver\inc -I..\Libraries\CMSIS\Include -I..\Libraries\CMSIS\Device\ST\STM32L1xx\Include -O0 -ffunction-sections -fdata-sections -g -Wall -o Libraries\STM32L1xx_StdPeriph_Driver\src\stm32l1xx_lcd.o ..\Libraries\STM32L1xx_StdPeriph_Driver\src\stm32l1xx_lcd.c 
arm-atollic-eabi-gcc -c -mthumb -mcpu=cortex-m3 -std=gnu11 -DSTM32L1XX_HD -DUSE_STDPERIPH_DRIVER -I../src -I..\Libraries\STM32L1xx_StdPeriph_Driver\inc -I..\Libraries\CMSIS\Include -I..\Libraries\CMSIS\Device\ST\STM32L1xx\Include -O0 -ffunction-sections -fdata-sections -g -Wall -o Libraries\STM32L1xx_StdPeriph_Driver\src\stm32l1xx_usart.o ..\Libraries\STM32L1xx_StdPeriph_Driver\src\stm32l1xx_usart.c 
arm-atollic-eabi-gcc -c -mthumb -mcpu=cortex-m3 -std=gnu11 -DSTM32L1XX_HD -DUSE_STDPERIPH_DRIVER -I../src -I..\Libraries\STM32L1xx_StdPeriph_Driver\inc -I..\Libraries\CMSIS\Include -I..\Libraries\CMSIS\Device\ST\STM32L1xx\Include -O0 -ffunction-sections -fdata-sections -g -Wall -o Libraries\STM32L1xx_StdPeriph_Driver\src\stm32l1xx_exti.o ..\Libraries\STM32L1xx_StdPeriph_Driver\src\stm32l1xx_exti.c 
arm-atollic-eabi-gcc -c -mthumb -mcpu=cortex-m3 -g -Wa,--warn -x assembler-with-cpp -o src\startup_stm32l1xx_hd.o ..\src\startup_stm32l1xx_hd.s 
arm-atollic-eabi-gcc -c -mthumb -mcpu=cortex-m3 -std=gnu11 -DSTM32L1XX_HD -DUSE_STDPERIPH_DRIVER -I../src -I..\Libraries\STM32L1xx_StdPeriph_Driver\inc -I..\Libraries\CMSIS\Include -I..\Libraries\CMSIS\Device\ST\STM32L1xx\Include -O0 -ffunction-sections -fdata-sections -g -Wall -o Libraries\STM32L1xx_StdPeriph_Driver\src\stm32l1xx_spi.o ..\Libraries\STM32L1xx_StdPeriph_Driver\src\stm32l1xx_spi.c 
arm-atollic-eabi-gcc -c -mthumb -mcpu=cortex-m3 -std=gnu11 -DSTM32L1XX_HD -DUSE_STDPERIPH_DRIVER -I../src -I..\Libraries\STM32L1xx_StdPeriph_Driver\inc -I..\Libraries\CMSIS\Include -I..\Libraries\CMSIS\Device\ST\STM32L1xx\Include -O0 -ffunction-sections -fdata-sections -g -Wall -o Libraries\STM32L1xx_StdPeriph_Driver\src\stm32l1xx_flash.o ..\Libraries\STM32L1xx_StdPeriph_Driver\src\stm32l1xx_flash.c 
arm-atollic-eabi-gcc -c -mthumb -mcpu=cortex-m3 -std=gnu11 -DSTM32L1XX_HD -DUSE_STDPERIPH_DRIVER -I../src -I..\Libraries\STM32L1xx_StdPeriph_Driver\inc -I..\Libraries\CMSIS\Include -I..\Libraries\CMSIS\Device\ST\STM32L1xx\Include -O0 -ffunction-sections -fdata-sections -g -Wall -o Libraries\STM32L1xx_StdPeriph_Driver\src\stm32l1xx_flash_ramfunc.o ..\Libraries\STM32L1xx_StdPeriph_Driver\src\stm32l1xx_flash_ramfunc.c 
C:\Users\tomas\AppData\Local\Temp\cc03uFhq.s: Assembler messages:
C:\Users\tomas\AppData\Local\Temp\cc03uFhq.s:19: Warning: ignoring changed section attributes for .data
arm-atollic-eabi-gcc -c -mthumb -mcpu=cortex-m3 -std=gnu11 -DSTM32L1XX_HD -DUSE_STDPERIPH_DRIVER -I../src -I..\Libraries\STM32L1xx_StdPeriph_Driver\inc -I..\Libraries\CMSIS\Include -I..\Libraries\CMSIS\Device\ST\STM32L1xx\Include -O0 -ffunction-sections -fdata-sections -g -Wall -o src\stm32l1xx_it.o ..\src\stm32l1xx_it.c 
arm-atollic-eabi-gcc -c -mthumb -mcpu=cortex-m3 -std=gnu11 -DSTM32L1XX_HD -DUSE_STDPERIPH_DRIVER -I../src -I..\Libraries\STM32L1xx_StdPeriph_Driver\inc -I..\Libraries\CMSIS\Include -I..\Libraries\CMSIS\Device\ST\STM32L1xx\Include -O0 -ffunction-sections -fdata-sections -g -Wall -o Libraries\STM32L1xx_StdPeriph_Driver\src\stm32l1xx_fsmc.o ..\Libraries\STM32L1xx_StdPeriph_Driver\src\stm32l1xx_fsmc.c 
arm-atollic-eabi-gcc -c -mthumb -mcpu=cortex-m3 -std=gnu11 -DSTM32L1XX_HD -DUSE_STDPERIPH_DRIVER -I../src -I..\Libraries\STM32L1xx_StdPeriph_Driver\inc -I..\Libraries\CMSIS\Include -I..\Libraries\CMSIS\Device\ST\STM32L1xx\Include -O0 -ffunction-sections -fdata-sections -g -Wall -o Libraries\STM32L1xx_StdPeriph_Driver\src\stm32l1xx_rtc.o ..\Libraries\STM32L1xx_StdPeriph_Driver\src\stm32l1xx_rtc.c 
arm-atollic-eabi-gcc Libraries\STM32L1xx_StdPeriph_Driver\src\misc.o Libraries\STM32L1xx_StdPeriph_Driver\src\stm32l1xx_adc.o Libraries\STM32L1xx_StdPeriph_Driver\src\stm32l1xx_aes.o Libraries\STM32L1xx_StdPeriph_Driver\src\stm32l1xx_aes_util.o Libraries\STM32L1xx_StdPeriph_Driver\src\stm32l1xx_comp.o Libraries\STM32L1xx_StdPeriph_Driver\src\stm32l1xx_crc.o Libraries\STM32L1xx_StdPeriph_Driver\src\stm32l1xx_dac.o Libraries\STM32L1xx_StdPeriph_Driver\src\stm32l1xx_dbgmcu.o Libraries\STM32L1xx_StdPeriph_Driver\src\stm32l1xx_dma.o Libraries\STM32L1xx_StdPeriph_Driver\src\stm32l1xx_exti.o Libraries\STM32L1xx_StdPeriph_Driver\src\stm32l1xx_flash.o Libraries\STM32L1xx_StdPeriph_Driver\src\stm32l1xx_flash_ramfunc.o Libraries\STM32L1xx_StdPeriph_Driver\src\stm32l1xx_fsmc.o Libraries\STM32L1xx_StdPeriph_Driver\src\stm32l1xx_gpio.o Libraries\STM32L1xx_StdPeriph_Driver\src\stm32l1xx_i2c.o Libraries\STM32L1xx_StdPeriph_Driver\src\stm32l1xx_iwdg.o Libraries\STM32L1xx_StdPeriph_Driver\src\stm32l1xx_lcd.o Libraries\STM32L1xx_StdPeriph_Driver\src\stm32l1xx_opamp.o Libraries\STM32L1xx_StdPeriph_Driver\src\stm32l1xx_pwr.o Libraries\STM32L1xx_StdPeriph_Driver\src\stm32l1xx_rcc.o Libraries\STM32L1xx_StdPeriph_Driver\src\stm32l1xx_rtc.o Libraries\STM32L1xx_StdPeriph_Driver\src\stm32l1xx_sdio.o Libraries\STM32L1xx_StdPeriph_Driver\src\stm32l1xx_spi.o Libraries\STM32L1xx_StdPeriph_Driver\src\stm32l1xx_syscfg.o Libraries\STM32L1xx_StdPeriph_Driver\src\stm32l1xx_tim.o Libraries\STM32L1xx_StdPeriph_Driver\src\stm32l1xx_usart.o Libraries\STM32L1xx_StdPeriph_Driver\src\stm32l1xx_wwdg.o src\main.o src\startup_stm32l1xx_hd.o src\stm32l1xx_it.o src\system_stm32l1xx.o src\tiny_printf.o src\vrs_cv5.o -o vrs_cv5.elf -mthumb -mcpu=cortex-m3 -T..\stm32_flash.ld -Wl,--start-group -lc -lm -Wl,--end-group -specs=nano.specs -specs=nosys.specs -static -Wl,-cref,-u,Reset_Handler -Wl,-Map=vrs_cv5.map -Wl,--gc-sections -Wl,--defsym=malloc_getpagesize_P=0x80 
C:\Program Files (x86)\Atollic\TrueSTUDIO for ARM 6.0.0\ide\jre\bin\java -jar C:\Program Files (x86)\Atollic\TrueSTUDIO for ARM 6.0.0\Tools\arm-atollic-reports.jar sizeinfo list vrs_cv5.elf 
Generate build reports...
Print size information
   text	   data	    bss	    dec	    hex	filename
   8172	     36	   1064	   9272	   2438	vrs_cv5.elf
Print size information done
Generate listing file
Output sent to: vrs_cv5.elf.list
Generate listing file done
Generate build reports done
19:34:03 **** Rebuild of configuration Debug for project vrs_cv5 ****
Info: Internal Builder is used for build
arm-atollic-eabi-gcc -c -mthumb -mcpu=cortex-m3 -std=gnu11 -DSTM32L1XX_HD -DUSE_STDPERIPH_DRIVER -I../src -I..\Libraries\STM32L1xx_StdPeriph_Driver\inc -I..\Libraries\CMSIS\Include -I..\Libraries\CMSIS\Device\ST\STM32L1xx\Include -O0 -ffunction-sections -fdata-sections -g -Wall -o Libraries\STM32L1xx_StdPeriph_Driver\src\stm32l1xx_flash_ramfunc.o ..\Libraries\STM32L1xx_StdPeriph_Driver\src\stm32l1xx_flash_ramfunc.c 
C:\Users\tomas\AppData\Local\Temp\ccNClh34.s: Assembler messages:
C:\Users\tomas\AppData\Local\Temp\ccNClh34.s:19: Warning: ignoring changed section attributes for .data
arm-atollic-eabi-gcc -c -mthumb -mcpu=cortex-m3 -std=gnu11 -DSTM32L1XX_HD -DUSE_STDPERIPH_DRIVER -I../src -I..\Libraries\STM32L1xx_StdPeriph_Driver\inc -I..\Libraries\CMSIS\Include -I..\Libraries\CMSIS\Device\ST\STM32L1xx\Include -O0 -ffunction-sections -fdata-sections -g -Wall -o Libraries\STM32L1xx_StdPeriph_Driver\src\stm32l1xx_sdio.o ..\Libraries\STM32L1xx_StdPeriph_Driver\src\stm32l1xx_sdio.c 
arm-atollic-eabi-gcc -c -mthumb -mcpu=cortex-m3 -std=gnu11 -DSTM32L1XX_HD -DUSE_STDPERIPH_DRIVER -I../src -I..\Libraries\STM32L1xx_StdPeriph_Driver\inc -I..\Libraries\CMSIS\Include -I..\Libraries\CMSIS\Device\ST\STM32L1xx\Include -O0 -ffunction-sections -fdata-sections -g -Wall -o src\main.o ..\src\main.c 
arm-atollic-eabi-gcc -c -mthumb -mcpu=cortex-m3 -std=gnu11 -DSTM32L1XX_HD -DUSE_STDPERIPH_DRIVER -I../src -I..\Libraries\STM32L1xx_StdPeriph_Driver\inc -I..\Libraries\CMSIS\Include -I..\Libraries\CMSIS\Device\ST\STM32L1xx\Include -O0 -ffunction-sections -fdata-sections -g -Wall -o Libraries\STM32L1xx_StdPeriph_Driver\src\stm32l1xx_opamp.o ..\Libraries\STM32L1xx_StdPeriph_Driver\src\stm32l1xx_opamp.c 
arm-atollic-eabi-gcc -c -mthumb -mcpu=cortex-m3 -g -Wa,--warn -x assembler-with-cpp -o src\startup_stm32l1xx_hd.o ..\src\startup_stm32l1xx_hd.s 
arm-atollic-eabi-gcc -c -mthumb -mcpu=cortex-m3 -std=gnu11 -DSTM32L1XX_HD -DUSE_STDPERIPH_DRIVER -I../src -I..\Libraries\STM32L1xx_StdPeriph_Driver\inc -I..\Libraries\CMSIS\Include -I..\Libraries\CMSIS\Device\ST\STM32L1xx\Include -O0 -ffunction-sections -fdata-sections -g -Wall -o Libraries\STM32L1xx_StdPeriph_Driver\src\stm32l1xx_adc.o ..\Libraries\STM32L1xx_StdPeriph_Driver\src\stm32l1xx_adc.c 
arm-atollic-eabi-gcc -c -mthumb -mcpu=cortex-m3 -std=gnu11 -DSTM32L1XX_HD -DUSE_STDPERIPH_DRIVER -I../src -I..\Libraries\STM32L1xx_StdPeriph_Driver\inc -I..\Libraries\CMSIS\Include -I..\Libraries\CMSIS\Device\ST\STM32L1xx\Include -O0 -ffunction-sections -fdata-sections -g -Wall -o Libraries\STM32L1xx_StdPeriph_Driver\src\stm32l1xx_rtc.o ..\Libraries\STM32L1xx_StdPeriph_Driver\src\stm32l1xx_rtc.c 
arm-atollic-eabi-gcc -c -mthumb -mcpu=cortex-m3 -std=gnu11 -DSTM32L1XX_HD -DUSE_STDPERIPH_DRIVER -I../src -I..\Libraries\STM32L1xx_StdPeriph_Driver\inc -I..\Libraries\CMSIS\Include -I..\Libraries\CMSIS\Device\ST\STM32L1xx\Include -O0 -ffunction-sections -fdata-sections -g -Wall -o Libraries\STM32L1xx_StdPeriph_Driver\src\stm32l1xx_fsmc.o ..\Libraries\STM32L1xx_StdPeriph_Driver\src\stm32l1xx_fsmc.c 
arm-atollic-eabi-gcc -c -mthumb -mcpu=cortex-m3 -std=gnu11 -DSTM32L1XX_HD -DUSE_STDPERIPH_DRIVER -I../src -I..\Libraries\STM32L1xx_StdPeriph_Driver\inc -I..\Libraries\CMSIS\Include -I..\Libraries\CMSIS\Device\ST\STM32L1xx\Include -O0 -ffunction-sections -fdata-sections -g -Wall -o Libraries\STM32L1xx_StdPeriph_Driver\src\stm32l1xx_lcd.o ..\Libraries\STM32L1xx_StdPeriph_Driver\src\stm32l1xx_lcd.c 
arm-atollic-eabi-gcc -c -mthumb -mcpu=cortex-m3 -std=gnu11 -DSTM32L1XX_HD -DUSE_STDPERIPH_DRIVER -I../src -I..\Libraries\STM32L1xx_StdPeriph_Driver\inc -I..\Libraries\CMSIS\Include -I..\Libraries\CMSIS\Device\ST\STM32L1xx\Include -O0 -ffunction-sections -fdata-sections -g -Wall -o Libraries\STM32L1xx_StdPeriph_Driver\src\stm32l1xx_aes.o ..\Libraries\STM32L1xx_StdPeriph_Driver\src\stm32l1xx_aes.c 
arm-atollic-eabi-gcc -c -mthumb -mcpu=cortex-m3 -std=gnu11 -DSTM32L1XX_HD -DUSE_STDPERIPH_DRIVER -I../src -I..\Libraries\STM32L1xx_StdPeriph_Driver\inc -I..\Libraries\CMSIS\Include -I..\Libraries\CMSIS\Device\ST\STM32L1xx\Include -O0 -ffunction-sections -fdata-sections -g -Wall -o Libraries\STM32L1xx_StdPeriph_Driver\src\misc.o ..\Libraries\STM32L1xx_StdPeriph_Driver\src\misc.c 
arm-atollic-eabi-gcc -c -mthumb -mcpu=cortex-m3 -std=gnu11 -DSTM32L1XX_HD -DUSE_STDPERIPH_DRIVER -I../src -I..\Libraries\STM32L1xx_StdPeriph_Driver\inc -I..\Libraries\CMSIS\Include -I..\Libraries\CMSIS\Device\ST\STM32L1xx\Include -O0 -ffunction-sections -fdata-sections -g -Wall -o Libraries\STM32L1xx_StdPeriph_Driver\src\stm32l1xx_gpio.o ..\Libraries\STM32L1xx_StdPeriph_Driver\src\stm32l1xx_gpio.c 
arm-atollic-eabi-gcc -c -mthumb -mcpu=cortex-m3 -std=gnu11 -DSTM32L1XX_HD -DUSE_STDPERIPH_DRIVER -I../src -I..\Libraries\STM32L1xx_StdPeriph_Driver\inc -I..\Libraries\CMSIS\Include -I..\Libraries\CMSIS\Device\ST\STM32L1xx\Include -O0 -ffunction-sections -fdata-sections -g -Wall -o Libraries\STM32L1xx_StdPeriph_Driver\src\stm32l1xx_syscfg.o ..\Libraries\STM32L1xx_StdPeriph_Driver\src\stm32l1xx_syscfg.c 
arm-atollic-eabi-gcc -c -mthumb -mcpu=cortex-m3 -std=gnu11 -DSTM32L1XX_HD -DUSE_STDPERIPH_DRIVER -I../src -I..\Libraries\STM32L1xx_StdPeriph_Driver\inc -I..\Libraries\CMSIS\Include -I..\Libraries\CMSIS\Device\ST\STM32L1xx\Include -O0 -ffunction-sections -fdata-sections -g -Wall -o Libraries\STM32L1xx_StdPeriph_Driver\src\stm32l1xx_dbgmcu.o ..\Libraries\STM32L1xx_StdPeriph_Driver\src\stm32l1xx_dbgmcu.c 
arm-atollic-eabi-gcc -c -mthumb -mcpu=cortex-m3 -std=gnu11 -DSTM32L1XX_HD -DUSE_STDPERIPH_DRIVER -I../src -I..\Libraries\STM32L1xx_StdPeriph_Driver\inc -I..\Libraries\CMSIS\Include -I..\Libraries\CMSIS\Device\ST\STM32L1xx\Include -O0 -ffunction-sections -fdata-sections -g -Wall -o Libraries\STM32L1xx_StdPeriph_Driver\src\stm32l1xx_rcc.o ..\Libraries\STM32L1xx_StdPeriph_Driver\src\stm32l1xx_rcc.c 
arm-atollic-eabi-gcc -c -mthumb -mcpu=cortex-m3 -std=gnu11 -DSTM32L1XX_HD -DUSE_STDPERIPH_DRIVER -I../src -I..\Libraries\STM32L1xx_StdPeriph_Driver\inc -I..\Libraries\CMSIS\Include -I..\Libraries\CMSIS\Device\ST\STM32L1xx\Include -O0 -ffunction-sections -fdata-sections -g -Wall -o Libraries\STM32L1xx_StdPeriph_Driver\src\stm32l1xx_wwdg.o ..\Libraries\STM32L1xx_StdPeriph_Driver\src\stm32l1xx_wwdg.c 
arm-atollic-eabi-gcc -c -mthumb -mcpu=cortex-m3 -std=gnu11 -DSTM32L1XX_HD -DUSE_STDPERIPH_DRIVER -I../src -I..\Libraries\STM32L1xx_StdPeriph_Driver\inc -I..\Libraries\CMSIS\Include -I..\Libraries\CMSIS\Device\ST\STM32L1xx\Include -O0 -ffunction-sections -fdata-sections -g -Wall -o Libraries\STM32L1xx_StdPeriph_Driver\src\stm32l1xx_dac.o ..\Libraries\STM32L1xx_StdPeriph_Driver\src\stm32l1xx_dac.c 
arm-atollic-eabi-gcc -c -mthumb -mcpu=cortex-m3 -std=gnu11 -DSTM32L1XX_HD -DUSE_STDPERIPH_DRIVER -I../src -I..\Libraries\STM32L1xx_StdPeriph_Driver\inc -I..\Libraries\CMSIS\Include -I..\Libraries\CMSIS\Device\ST\STM32L1xx\Include -O0 -ffunction-sections -fdata-sections -g -Wall -o src\stm32l1xx_it.o ..\src\stm32l1xx_it.c 
arm-atollic-eabi-gcc -c -mthumb -mcpu=cortex-m3 -std=gnu11 -DSTM32L1XX_HD -DUSE_STDPERIPH_DRIVER -I../src -I..\Libraries\STM32L1xx_StdPeriph_Driver\inc -I..\Libraries\CMSIS\Include -I..\Libraries\CMSIS\Device\ST\STM32L1xx\Include -O0 -ffunction-sections -fdata-sections -g -Wall -o Libraries\STM32L1xx_StdPeriph_Driver\src\stm32l1xx_dma.o ..\Libraries\STM32L1xx_StdPeriph_Driver\src\stm32l1xx_dma.c 
arm-atollic-eabi-gcc -c -mthumb -mcpu=cortex-m3 -std=gnu11 -DSTM32L1XX_HD -DUSE_STDPERIPH_DRIVER -I../src -I..\Libraries\STM32L1xx_StdPeriph_Driver\inc -I..\Libraries\CMSIS\Include -I..\Libraries\CMSIS\Device\ST\STM32L1xx\Include -O0 -ffunction-sections -fdata-sections -g -Wall -o Libraries\STM32L1xx_StdPeriph_Driver\src\stm32l1xx_comp.o ..\Libraries\STM32L1xx_StdPeriph_Driver\src\stm32l1xx_comp.c 
arm-atollic-eabi-gcc -c -mthumb -mcpu=cortex-m3 -std=gnu11 -DSTM32L1XX_HD -DUSE_STDPERIPH_DRIVER -I../src -I..\Libraries\STM32L1xx_StdPeriph_Driver\inc -I..\Libraries\CMSIS\Include -I..\Libraries\CMSIS\Device\ST\STM32L1xx\Include -O0 -ffunction-sections -fdata-sections -g -Wall -o Libraries\STM32L1xx_StdPeriph_Driver\src\stm32l1xx_spi.o ..\Libraries\STM32L1xx_StdPeriph_Driver\src\stm32l1xx_spi.c 
arm-atollic-eabi-gcc -c -mthumb -mcpu=cortex-m3 -std=gnu11 -DSTM32L1XX_HD -DUSE_STDPERIPH_DRIVER -I../src -I..\Libraries\STM32L1xx_StdPeriph_Driver\inc -I..\Libraries\CMSIS\Include -I..\Libraries\CMSIS\Device\ST\STM32L1xx\Include -O0 -ffunction-sections -fdata-sections -g -Wall -o src\system_stm32l1xx.o ..\src\system_stm32l1xx.c 
arm-atollic-eabi-gcc -c -mthumb -mcpu=cortex-m3 -std=gnu11 -DSTM32L1XX_HD -DUSE_STDPERIPH_DRIVER -I../src -I..\Libraries\STM32L1xx_StdPeriph_Driver\inc -I..\Libraries\CMSIS\Include -I..\Libraries\CMSIS\Device\ST\STM32L1xx\Include -O0 -ffunction-sections -fdata-sections -g -Wall -o Libraries\STM32L1xx_StdPeriph_Driver\src\stm32l1xx_exti.o ..\Libraries\STM32L1xx_StdPeriph_Driver\src\stm32l1xx_exti.c 
arm-atollic-eabi-gcc -c -mthumb -mcpu=cortex-m3 -std=gnu11 -DSTM32L1XX_HD -DUSE_STDPERIPH_DRIVER -I../src -I..\Libraries\STM32L1xx_StdPeriph_Driver\inc -I..\Libraries\CMSIS\Include -I..\Libraries\CMSIS\Device\ST\STM32L1xx\Include -O0 -ffunction-sections -fdata-sections -g -Wall -o src\vrs_cv5.o ..\src\vrs_cv5.c 
arm-atollic-eabi-gcc -c -mthumb -mcpu=cortex-m3 -std=gnu11 -DSTM32L1XX_HD -DUSE_STDPERIPH_DRIVER -I../src -I..\Libraries\STM32L1xx_StdPeriph_Driver\inc -I..\Libraries\CMSIS\Include -I..\Libraries\CMSIS\Device\ST\STM32L1xx\Include -O0 -ffunction-sections -fdata-sections -g -Wall -o Libraries\STM32L1xx_StdPeriph_Driver\src\stm32l1xx_usart.o ..\Libraries\STM32L1xx_StdPeriph_Driver\src\stm32l1xx_usart.c 
arm-atollic-eabi-gcc -c -mthumb -mcpu=cortex-m3 -std=gnu11 -DSTM32L1XX_HD -DUSE_STDPERIPH_DRIVER -I../src -I..\Libraries\STM32L1xx_StdPeriph_Driver\inc -I..\Libraries\CMSIS\Include -I..\Libraries\CMSIS\Device\ST\STM32L1xx\Include -O0 -ffunction-sections -fdata-sections -g -Wall -o Libraries\STM32L1xx_StdPeriph_Driver\src\stm32l1xx_crc.o ..\Libraries\STM32L1xx_StdPeriph_Driver\src\stm32l1xx_crc.c 
arm-atollic-eabi-gcc -c -mthumb -mcpu=cortex-m3 -std=gnu11 -DSTM32L1XX_HD -DUSE_STDPERIPH_DRIVER -I../src -I..\Libraries\STM32L1xx_StdPeriph_Driver\inc -I..\Libraries\CMSIS\Include -I..\Libraries\CMSIS\Device\ST\STM32L1xx\Include -O0 -ffunction-sections -fdata-sections -g -Wall -o src\tiny_printf.o ..\src\tiny_printf.c 
arm-atollic-eabi-gcc -c -mthumb -mcpu=cortex-m3 -std=gnu11 -DSTM32L1XX_HD -DUSE_STDPERIPH_DRIVER -I../src -I..\Libraries\STM32L1xx_StdPeriph_Driver\inc -I..\Libraries\CMSIS\Include -I..\Libraries\CMSIS\Device\ST\STM32L1xx\Include -O0 -ffunction-sections -fdata-sections -g -Wall -o Libraries\STM32L1xx_StdPeriph_Driver\src\stm32l1xx_i2c.o ..\Libraries\STM32L1xx_StdPeriph_Driver\src\stm32l1xx_i2c.c 
arm-atollic-eabi-gcc -c -mthumb -mcpu=cortex-m3 -std=gnu11 -DSTM32L1XX_HD -DUSE_STDPERIPH_DRIVER -I../src -I..\Libraries\STM32L1xx_StdPeriph_Driver\inc -I..\Libraries\CMSIS\Include -I..\Libraries\CMSIS\Device\ST\STM32L1xx\Include -O0 -ffunction-sections -fdata-sections -g -Wall -o Libraries\STM32L1xx_StdPeriph_Driver\src\stm32l1xx_pwr.o ..\Libraries\STM32L1xx_StdPeriph_Driver\src\stm32l1xx_pwr.c 
arm-atollic-eabi-gcc -c -mthumb -mcpu=cortex-m3 -std=gnu11 -DSTM32L1XX_HD -DUSE_STDPERIPH_DRIVER -I../src -I..\Libraries\STM32L1xx_StdPeriph_Driver\inc -I..\Libraries\CMSIS\Include -I..\Libraries\CMSIS\Device\ST\STM32L1xx\Include -O0 -ffunction-sections -fdata-sections -g -Wall -o Libraries\STM32L1xx_StdPeriph_Driver\src\stm32l1xx_flash.o ..\Libraries\STM32L1xx_StdPeriph_Driver\src\stm32l1xx_flash.c 
arm-atollic-eabi-gcc -c -mthumb -mcpu=cortex-m3 -std=gnu11 -DSTM32L1XX_HD -DUSE_STDPERIPH_DRIVER -I../src -I..\Libraries\STM32L1xx_StdPeriph_Driver\inc -I..\Libraries\CMSIS\Include -I..\Libraries\CMSIS\Device\ST\STM32L1xx\Include -O0 -ffunction-sections -fdata-sections -g -Wall -o Libraries\STM32L1xx_StdPeriph_Driver\src\stm32l1xx_iwdg.o ..\Libraries\STM32L1xx_StdPeriph_Driver\src\stm32l1xx_iwdg.c 
arm-atollic-eabi-gcc -c -mthumb -mcpu=cortex-m3 -std=gnu11 -DSTM32L1XX_HD -DUSE_STDPERIPH_DRIVER -I../src -I..\Libraries\STM32L1xx_StdPeriph_Driver\inc -I..\Libraries\CMSIS\Include -I..\Libraries\CMSIS\Device\ST\STM32L1xx\Include -O0 -ffunction-sections -fdata-sections -g -Wall -o Libraries\STM32L1xx_StdPeriph_Driver\src\stm32l1xx_tim.o ..\Libraries\STM32L1xx_StdPeriph_Driver\src\stm32l1xx_tim.c 
arm-atollic-eabi-gcc -c -mthumb -mcpu=cortex-m3 -std=gnu11 -DSTM32L1XX_HD -DUSE_STDPERIPH_DRIVER -I../src -I..\Libraries\STM32L1xx_StdPeriph_Driver\inc -I..\Libraries\CMSIS\Include -I..\Libraries\CMSIS\Device\ST\STM32L1xx\Include -O0 -ffunction-sections -fdata-sections -g -Wall -o Libraries\STM32L1xx_StdPeriph_Driver\src\stm32l1xx_aes_util.o ..\Libraries\STM32L1xx_StdPeriph_Driver\src\stm32l1xx_aes_util.c 
arm-atollic-eabi-gcc Libraries\STM32L1xx_StdPeriph_Driver\src\misc.o Libraries\STM32L1xx_StdPeriph_Driver\src\stm32l1xx_adc.o Libraries\STM32L1xx_StdPeriph_Driver\src\stm32l1xx_aes.o Libraries\STM32L1xx_StdPeriph_Driver\src\stm32l1xx_aes_util.o Libraries\STM32L1xx_StdPeriph_Driver\src\stm32l1xx_comp.o Libraries\STM32L1xx_StdPeriph_Driver\src\stm32l1xx_crc.o Libraries\STM32L1xx_StdPeriph_Driver\src\stm32l1xx_dac.o Libraries\STM32L1xx_StdPeriph_Driver\src\stm32l1xx_dbgmcu.o Libraries\STM32L1xx_StdPeriph_Driver\src\stm32l1xx_dma.o Libraries\STM32L1xx_StdPeriph_Driver\src\stm32l1xx_exti.o Libraries\STM32L1xx_StdPeriph_Driver\src\stm32l1xx_flash.o Libraries\STM32L1xx_StdPeriph_Driver\src\stm32l1xx_flash_ramfunc.o Libraries\STM32L1xx_StdPeriph_Driver\src\stm32l1xx_fsmc.o Libraries\STM32L1xx_StdPeriph_Driver\src\stm32l1xx_gpio.o Libraries\STM32L1xx_StdPeriph_Driver\src\stm32l1xx_i2c.o Libraries\STM32L1xx_StdPeriph_Driver\src\stm32l1xx_iwdg.o Libraries\STM32L1xx_StdPeriph_Driver\src\stm32l1xx_lcd.o Libraries\STM32L1xx_StdPeriph_Driver\src\stm32l1xx_opamp.o Libraries\STM32L1xx_StdPeriph_Driver\src\stm32l1xx_pwr.o Libraries\STM32L1xx_StdPeriph_Driver\src\stm32l1xx_rcc.o Libraries\STM32L1xx_StdPeriph_Driver\src\stm32l1xx_rtc.o Libraries\STM32L1xx_StdPeriph_Driver\src\stm32l1xx_sdio.o Libraries\STM32L1xx_StdPeriph_Driver\src\stm32l1xx_spi.o Libraries\STM32L1xx_StdPeriph_Driver\src\stm32l1xx_syscfg.o Libraries\STM32L1xx_StdPeriph_Driver\src\stm32l1xx_tim.o Libraries\STM32L1xx_StdPeriph_Driver\src\stm32l1xx_usart.o Libraries\STM32L1xx_StdPeriph_Driver\src\stm32l1xx_wwdg.o src\main.o src\startup_stm32l1xx_hd.o src\stm32l1xx_it.o src\system_stm32l1xx.o src\tiny_printf.o src\vrs_cv5.o -o vrs_cv5.elf -mthumb -mcpu=cortex-m3 -T..\stm32_flash.ld -Wl,--start-group -lc -lm -Wl,--end-group -specs=nano.specs -specs=nosys.specs -static -Wl,-cref,-u,Reset_Handler -Wl,-Map=vrs_cv5.map -Wl,--gc-sections -Wl,--defsym=malloc_getpagesize_P=0x80 
C:\Program Files (x86)\Atollic\TrueSTUDIO for ARM 6.0.0\ide\jre\bin\java -jar C:\Program Files (x86)\Atollic\TrueSTUDIO for ARM 6.0.0\Tools\arm-atollic-reports.jar sizeinfo list vrs_cv5.elf 
Generate build reports...
Print size information
   text	   data	    bss	    dec	    hex	filename
   8172	     36	   1064	   9272	   2438	vrs_cv5.elf
Print size information done
Generate listing file
Output sent to: vrs_cv5.elf.list
Generate listing file done
Generate build reports done
