22:39:56 **** Incremental Build of configuration Debug for project vrs_cv5 ****
Info: Internal Builder is used for build
arm-atollic-eabi-gcc -c -mthumb -mcpu=cortex-m3 -std=gnu11 -DSTM32L1XX_HD -DUSE_STDPERIPH_DRIVER -I../src -I..\Libraries\STM32L1xx_StdPeriph_Driver\inc -I..\Libraries\CMSIS\Include -I..\Libraries\CMSIS\Device\ST\STM32L1xx\Include -O0 -ffunction-sections -fdata-sections -g -Wall -o src\main.o ..\src\main.c 
..\src\main.c: In function 'main':
..\src\main.c:23:15: warning: passing argument 1 of 'posli_znak' makes pointer from integer without a cast [-Wint-conversion]
    posli_znak((char)(3.3/4095)*AD_value);
               ^
In file included from ..\src\main.c:3:0:
..\src\vrs_cv5.h:22:6: note: expected 'char *' but argument is of type 'int'
 void posli_znak(char znak[]);
      ^
..\src\main.c:26:15: warning: passing argument 1 of 'posli_znak' makes pointer from integer without a cast [-Wint-conversion]
    posli_znak(AD_value);
               ^
In file included from ..\src\main.c:3:0:
..\src\vrs_cv5.h:22:6: note: expected 'char *' but argument is of type 'int'
 void posli_znak(char znak[]);
      ^
arm-atollic-eabi-gcc Libraries\STM32L1xx_StdPeriph_Driver\src\misc.o Libraries\STM32L1xx_StdPeriph_Driver\src\stm32l1xx_adc.o Libraries\STM32L1xx_StdPeriph_Driver\src\stm32l1xx_aes.o Libraries\STM32L1xx_StdPeriph_Driver\src\stm32l1xx_aes_util.o Libraries\STM32L1xx_StdPeriph_Driver\src\stm32l1xx_comp.o Libraries\STM32L1xx_StdPeriph_Driver\src\stm32l1xx_crc.o Libraries\STM32L1xx_StdPeriph_Driver\src\stm32l1xx_dac.o Libraries\STM32L1xx_StdPeriph_Driver\src\stm32l1xx_dbgmcu.o Libraries\STM32L1xx_StdPeriph_Driver\src\stm32l1xx_dma.o Libraries\STM32L1xx_StdPeriph_Driver\src\stm32l1xx_exti.o Libraries\STM32L1xx_StdPeriph_Driver\src\stm32l1xx_flash.o Libraries\STM32L1xx_StdPeriph_Driver\src\stm32l1xx_flash_ramfunc.o Libraries\STM32L1xx_StdPeriph_Driver\src\stm32l1xx_fsmc.o Libraries\STM32L1xx_StdPeriph_Driver\src\stm32l1xx_gpio.o Libraries\STM32L1xx_StdPeriph_Driver\src\stm32l1xx_i2c.o Libraries\STM32L1xx_StdPeriph_Driver\src\stm32l1xx_iwdg.o Libraries\STM32L1xx_StdPeriph_Driver\src\stm32l1xx_lcd.o Libraries\STM32L1xx_StdPeriph_Driver\src\stm32l1xx_opamp.o Libraries\STM32L1xx_StdPeriph_Driver\src\stm32l1xx_pwr.o Libraries\STM32L1xx_StdPeriph_Driver\src\stm32l1xx_rcc.o Libraries\STM32L1xx_StdPeriph_Driver\src\stm32l1xx_rtc.o Libraries\STM32L1xx_StdPeriph_Driver\src\stm32l1xx_sdio.o Libraries\STM32L1xx_StdPeriph_Driver\src\stm32l1xx_spi.o Libraries\STM32L1xx_StdPeriph_Driver\src\stm32l1xx_syscfg.o Libraries\STM32L1xx_StdPeriph_Driver\src\stm32l1xx_tim.o Libraries\STM32L1xx_StdPeriph_Driver\src\stm32l1xx_usart.o Libraries\STM32L1xx_StdPeriph_Driver\src\stm32l1xx_wwdg.o src\main.o src\startup_stm32l1xx_hd.o src\stm32l1xx_it.o src\system_stm32l1xx.o src\tiny_printf.o src\vrs_cv5.o -o vrs_cv5.elf -mthumb -mcpu=cortex-m3 -T..\stm32_flash.ld -Wl,--start-group -lc -lm -Wl,--end-group -specs=nano.specs -specs=nosys.specs -static -Wl,-cref,-u,Reset_Handler -Wl,-Map=vrs_cv5.map -Wl,--gc-sections -Wl,--defsym=malloc_getpagesize_P=0x80 
C:\Program Files (x86)\Atollic\TrueSTUDIO for ARM 6.0.0\ide\jre\bin\java -jar C:\Program Files (x86)\Atollic\TrueSTUDIO for ARM 6.0.0\Tools\arm-atollic-reports.jar sizeinfo list vrs_cv5.elf 
Generate build reports...
Print size information
   text	   data	    bss	    dec	    hex	filename
   5660	     36	   1064	   6760	   1a68	vrs_cv5.elf
Print size information done
Generate listing file
Output sent to: vrs_cv5.elf.list
Generate listing file done
Generate build reports done
